---
source: etl-api/tests/destinations_pipelines.rs
expression: response.config
---
FullApiPipelineConfig {
    publication_name: "updated_publication",
    batch: Some(
        BatchConfig {
            max_size: 2000,
            max_fill_ms: 10,
        },
    ),
    table_error_retry_delay_ms: Some(
        20000,
    ),
    max_table_sync_workers: Some(
        4,
    ),
}
