---
source: etl-api/tests/destinations_pipelines.rs
expression: response.config
---
Iceberg {
    config: Supabase {
        project_ref: "abcdefghijklmnopqrst",
        warehouse_name: "my-warehouse",
        namespace: "my-namespace",
        catalog_token: SerializableSecretString(
            SecretBox<str>([REDACTED]),
        ),
        s3_access_key_id: SerializableSecretString(
            SecretBox<str>([REDACTED]),
        ),
        s3_secret_access_key: SerializableSecretString(
            SecretBox<str>([REDACTED]),
        ),
        s3_region: "ap-southeast-1",
    },
}
