---
source: etl-api/tests/sources.rs
expression: source.config
---
StrippedApiSourceConfig {
    host: "localhost",
    port: 5432,
    name: "postgres",
    username: "postgres",
}
