---
source: etl-api/tests/sources.rs
expression: response.config
---
StrippedApiSourceConfig {
    host: "example.com",
    port: 2345,
    name: "sergtsop",
    username: "sergtsop",
}
