---
source: etl-api/src/configs/destination.rs
expression: full_config
---
{
  "iceberg": {
    "rest": {
      "catalog_uri": "https://catalog.example.com/iceberg",
      "warehouse_name": "my-warehouse",
      "namespace": "my-namespace"
    }
  }
}
