---
source: etl-api/src/k8s/http.rs
expression: secret_json
---
{
  "apiVersion": "v1",
  "data": {
    "service-account-key": "ewogICJrZXkiOiAidmFsdWUiCn0="
  },
  "kind": "Secret",
  "metadata": {
    "name": "abcdefghijklmnopqrst-42-bq-service-account-key",
    "namespace": "etl-data-plane"
  },
  "type": "Opaque"
}
