---
source: etl-api/src/k8s/http.rs
expression: config_map_json
---
{
  "apiVersion": "v1",
  "data": {
    "base.yaml": "",
    "prod.yaml": "{\"destination\":{\"big_query\":{\"project_id\":\"project-id\",\"dataset_id\":\"dataset-id\",\"max_concurrent_streams\":4}},\"pipeline\":{\"id\":42,\"publication_name\":\"all-pub\",\"pg_connection\":{\"host\":\"localhost\",\"port\":5432,\"name\":\"postgres\",\"username\":\"postgres\",\"tls\":{\"trusted_root_certs\":\"\",\"enabled\":false}},\"batch\":{\"max_size\":10000,\"max_fill_ms\":1000},\"table_error_retry_delay_ms\":500,\"table_error_retry_max_attempts\":3,\"max_table_sync_workers\":4}}"
  },
  "kind": "ConfigMap",
  "metadata": {
    "name": "abcdefghijklmnopqrst-42-replicator-config",
    "namespace": "etl-data-plane"
  }
}
