---
source: etl-api/src/k8s/http.rs
expression: tolerations
---
[
  {
    "effect": "NoSchedule",
    "key": "nodeType",
    "operator": "Equal",
    "value": "workloads"
  }
]
