---
source: etl-api/src/k8s/http.rs
expression: postgres_env_var_json
---
{
  "name": "APP_PIPELINE__PG_CONNECTION__PASSWORD",
  "valueFrom": {
    "secretKeyRef": {
      "key": "password",
      "name": "abcdefghijklmnopqrst-42-postgres-password"
    }
  }
}
