---
source: etl-api/src/k8s/http.rs
expression: tolerations
---
[]
