---
source: etl-api/src/k8s/http.rs
expression: node_selector
---
[
  {
    "env": [
      {
        "name": "LOGFLARE_API_KEY",
        "valueFrom": {
          "secretKeyRef": {
            "key": "key",
            "name": "replicator-logflare-api-key"
          }
        }
      }
    ],
    "image": "timberio/vector:0.46.1-distroless-libc",
    "name": "abcdefghijklmnopqrst-42-vector",
    "resources": {
      "limits": {
        "cpu": "100m",
        "memory": "100Mi"
      },
      "requests": {
        "cpu": "100m",
        "memory": "100Mi"
      }
    },
    "restartPolicy": "Always",
    "volumeMounts": [
      {
        "mountPath": "/etc/vector",
        "name": "vector-config-file"
      },
      {
        "mountPath": "/var/log",
        "name": "logs"
      }
    ]
  }
]
