---
source: api/tests/integration/sources_test.rs
expression: response.config
---
StrippedSourceConfig {
    host: "localhost",
    port: 5432,
    name: "postgres",
    username: "postgres",
}
