---
source: api/tests/integration/sources_test.rs
expression: source.config
---
StrippedSourceConfig {
    host: "example.com",
    port: 2345,
    name: "sergtsop",
    username: "sergtsop",
}
