---
source: api/tests/integration/destination_test.rs
expression: destination.config
---
BigQuery {
    project_id: "project-id-updated",
    dataset_id: "dataset-id-updated",
    service_account_key: SerializableSecretString(
        SecretBox<str>([REDACTED]),
    ),
    max_staleness_mins: Some(
        10,
    ),
}
