---
source: etl-api/tests/integration/tenants_sources_test.rs
expression: response.config
---
StrippedApiSourceConfig {
    host: "localhost",
    port: 5432,
    name: "postgres",
    username: "postgres",
}
