---
source: etl-api/src/db/destinations.rs
expression: deserialized_config
---
BigQuery {
    project_id: "project-id",
    dataset_id: "dataset-id",
    service_account_key: SerializableSecretString(
        SecretBox<str>([REDACTED]),
    ),
    max_staleness_mins: Some(
        99,
    ),
}
