---
source: etl-api/src/db/sources.rs
expression: deserialized.unwrap()
---
SourceConfig {
    host: "localhost",
    port: 5432,
    name: "postgres",
    username: "postgres",
    password: Some(
        SerializableSecretString(
            SecretBox<str>([REDACTED]),
        ),
    ),
}
