---
source: api/tests/integration/destinations_pipelines_test.rs
expression: response.config
---
BigQuery {
    project_id: "project-id",
    dataset_id: "dataset-id",
    service_account_key: Secret([REDACTED alloc::string::String]),
    max_staleness_mins: None,
}
