---
source: api/tests/integration/destination_test.rs
expression: response.config
---
BigQuery {
    project_id: "project-id",
    dataset_id: "dataset-id",
    max_staleness_mins: None,
}
