---
source: api/tests/integration/pipelines_test.rs
expression: response.config
---
PipelineConfig {
    publication_name: "updated_publication",
    batch: Some(
        BatchConfig {
            max_size: 2000,
            max_fill_ms: 10,
        },
    ),
    table_error_retry_delay_ms: Some(
        20000,
    ),
    max_table_sync_workers: Some(
        4,
    ),
}
